Starting...
Gathering files diff...
Gathering coverage... done in 344.302334ms
     SKIPPED CONDITIONALS_NEGATION at discovery.go:91:10
     SKIPPED CONDITIONALS_NEGATION at archivemove.go:55:50
     SKIPPED CONDITIONALS_NEGATION at discovery.go:112:10
     SKIPPED CONDITIONALS_NEGATION at discovery.go:118:13
     SKIPPED CONDITIONALS_BOUNDARY at discovery.go:122:68
     SKIPPED CONDITIONALS_NEGATION at discovery.go:84:9
     SKIPPED CONDITIONALS_NEGATION at discovery.go:122:68
     SKIPPED CONDITIONALS_NEGATION at discovery.go:130:9
     SKIPPED CONDITIONALS_NEGATION at archivemove.go:52:51
     SKIPPED CONDITIONALS_NEGATION at archivemove.go:45:40
     SKIPPED CONDITIONALS_NEGATION at discovery.go:139:10
     SKIPPED CONDITIONALS_NEGATION at discovery.go:134:9
     SKIPPED CONDITIONALS_NEGATION at discovery.go:100:13
     SKIPPED CONDITIONALS_NEGATION at discovery.go:155:10
     SKIPPED CONDITIONALS_NEGATION at discovery.go:159:10
     SKIPPED CONDITIONALS_NEGATION at discovery.go:200:13
     SKIPPED CONDITIONALS_NEGATION at discovery.go:106:15
     SKIPPED CONDITIONALS_NEGATION at archivemove.go:38:41
     SKIPPED CONDITIONALS_NEGATION at archivemove.go:39:10
     SKIPPED CONDITIONALS_NEGATION at manifest.go:90:27
     SKIPPED CONDITIONALS_BOUNDARY at manifest.go:90:27
     SKIPPED CONDITIONALS_NEGATION at manifest.go:129:52
     SKIPPED CONDITIONALS_NEGATION at manifest.go:126:46
     SKIPPED CONDITIONALS_NEGATION at manifest.go:132:36
     SKIPPED CONDITIONALS_BOUNDARY at manifest.go:132:36
     SKIPPED CONDITIONALS_NEGATION at manifest.go:135:33
     SKIPPED CONDITIONALS_BOUNDARY at manifest.go:135:33
     SKIPPED CONDITIONALS_NEGATION at manifest.go:176:32
     SKIPPED CONDITIONALS_BOUNDARY at manifest.go:176:32
     SKIPPED CONDITIONALS_NEGATION at manifest.go:179:32
     SKIPPED CONDITIONALS_BOUNDARY at manifest.go:179:32
     SKIPPED CONDITIONALS_NEGATION at manifest.go:182:29
     SKIPPED CONDITIONALS_BOUNDARY at manifest.go:182:29
     SKIPPED CONDITIONALS_NEGATION at manifest.go:221:30
     SKIPPED CONDITIONALS_NEGATION at manifest.go:218:49
     SKIPPED CONDITIONALS_NEGATION at manifest.go:236:29
     SKIPPED CONDITIONALS_NEGATION at manifest.go:236:7
     SKIPPED CONDITIONALS_NEGATION at manifest.go:248:14
     SKIPPED CONDITIONALS_NEGATION at manifest.go:239:22
     SKIPPED CONDITIONALS_NEGATION at manifest.go:255:37
     SKIPPED CONDITIONALS_NEGATION at manifest.go:254:13
     SKIPPED CONDITIONALS_NEGATION at manifest.go:260:37
     SKIPPED CONDITIONALS_NEGATION at manifest.go:259:13
     SKIPPED CONDITIONALS_NEGATION at manifest.go:265:43
     SKIPPED CONDITIONALS_NEGATION at manifest.go:264:19
     SKIPPED CONDITIONALS_NEGATION at manifest.go:269:17
     SKIPPED CONDITIONALS_NEGATION at manifest.go:269:44
     SKIPPED CONDITIONALS_NEGATION at manifest.go:270:46
     SKIPPED CONDITIONALS_NEGATION at open.go:48:9
     SKIPPED CONDITIONALS_NEGATION at open.go:44:9
     SKIPPED CONDITIONALS_NEGATION at open.go:53:9
     SKIPPED CONDITIONALS_NEGATION at open.go:91:9
     SKIPPED CONDITIONALS_NEGATION at open.go:84:9
     SKIPPED CONDITIONALS_NEGATION at discovery.go:95:12
     SKIPPED ARITHMETIC_BASE at paths.go:195:55
     SKIPPED ARITHMETIC_BASE at paths.go:174:60
     SKIPPED ARITHMETIC_BASE at paths.go:225:68
     SKIPPED ARITHMETIC_BASE at paths.go:225:58
     SKIPPED ARITHMETIC_BASE at paths.go:225:63
     SKIPPED ARITHMETIC_BASE at paths.go:242:56
     SKIPPED ARITHMETIC_BASE at paths.go:234:51
     SKIPPED ARITHMETIC_BASE at paths.go:273:66
     SKIPPED ARITHMETIC_BASE at paths.go:254:57
     SKIPPED ARITHMETIC_BASE at paths.go:298:61
     SKIPPED ARITHMETIC_BASE at paths.go:292:71
     SKIPPED ARITHMETIC_BASE at paths.go:386:84
     SKIPPED ARITHMETIC_BASE at paths.go:365:75
     SKIPPED CONDITIONALS_NEGATION at paths.go:458:24
     SKIPPED CONDITIONALS_NEGATION at paths.go:458:12
     SKIPPED CONDITIONALS_NEGATION at paths.go:460:10
     SKIPPED CONDITIONALS_NEGATION at refpath.go:77:28
     SKIPPED CONDITIONALS_NEGATION at refpath.go:77:17
     SKIPPED CONDITIONALS_NEGATION at refpath.go:92:22
     SKIPPED CONDITIONALS_NEGATION at refpath.go:88:21
     SKIPPED CONDITIONALS_NEGATION at refpath.go:92:37
     SKIPPED CONDITIONALS_NEGATION at root.go:25:9
     SKIPPED CONDITIONALS_NEGATION at root.go:21:14
     SKIPPED CONDITIONALS_NEGATION at root.go:42:13
     SKIPPED CONDITIONALS_NEGATION at root.go:29:9
     SKIPPED CONDITIONALS_NEGATION at root.go:57:9
     SKIPPED CONDITIONALS_NEGATION at root.go:53:10
     SKIPPED CONDITIONALS_NEGATION at root.go:70:13
     SKIPPED CONDITIONALS_NEGATION at slug.go:44:9
     SKIPPED CONDITIONALS_BOUNDARY at slug.go:44:9
     SKIPPED CONDITIONALS_NEGATION at slug.go:44:21
     SKIPPED CONDITIONALS_BOUNDARY at slug.go:44:21
     SKIPPED CONDITIONALS_BOUNDARY at slug.go:46:9
     SKIPPED CONDITIONALS_NEGATION at slug.go:46:9
     SKIPPED CONDITIONALS_NEGATION at slug.go:46:21
     SKIPPED CONDITIONALS_BOUNDARY at slug.go:46:21
     SKIPPED CONDITIONALS_NEGATION at slug.go:48:21
     SKIPPED CONDITIONALS_NEGATION at slug.go:48:9
     SKIPPED CONDITIONALS_NEGATION at slug.go:48:33
     SKIPPED CONDITIONALS_NEGATION at slug.go:66:45
     SKIPPED CONDITIONALS_NEGATION at treehash.go:51:9
     SKIPPED CONDITIONALS_NEGATION at treehash.go:63:73
     SKIPPED CONDITIONALS_NEGATION at treehash.go:72:11
     SKIPPED CONDITIONALS_NEGATION at treehash.go:101:30
     SKIPPED CONDITIONALS_NEGATION at treehash.go:88:10
     SKIPPED CONDITIONALS_NEGATION at treehash.go:107:21
     SKIPPED CONDITIONALS_NEGATION at treehash.go:104:22

Mutation testing completed in 4 seconds 378 milliseconds
Killed: 0, Lived: 0, Not covered: 0
Timed out: 0, Not viable: 0, Skipped: 101
Test efficacy: 0.00%
Mutator coverage: 0.00%
