github.com/jyang234/verdi/internal/artifact ulid.go crypto/rand.Reader value 1
github.com/jyang234/verdi/internal/artifact ulid.go time.Now call 1
github.com/jyang234/verdi/internal/gitx configvalue.go os/exec.CommandContext call 1
github.com/jyang234/verdi/internal/gitx exec.go os/exec.CommandContext call 1
github.com/jyang234/verdi/internal/gitx gitlog.go os.Getenv call 1
github.com/jyang234/verdi/internal/gitx gitlog.go os.Getpid call 1
github.com/jyang234/verdi/internal/gitx gitlog.go os.OpenFile call 1
github.com/jyang234/verdi/internal/gitx gitlog.go path/filepath.Abs call 1
github.com/jyang234/verdi/internal/gitx hashobject.go os.Stat call 1
github.com/jyang234/verdi/internal/gitx plumbing.go os.CreateTemp call 1
github.com/jyang234/verdi/internal/gitx plumbing.go os.Environ call 1
github.com/jyang234/verdi/internal/gitx plumbing.go os.Remove call 2
github.com/jyang234/verdi/internal/gitx plumbing.go os/exec.CommandContext call 1
github.com/jyang234/verdi/internal/gitx shallow.go os.Stat call 1
github.com/jyang234/verdi/internal/lint cienv.go os.Getenv call 5
github.com/jyang234/verdi/internal/lint snapshot.go os.IsNotExist call 7
github.com/jyang234/verdi/internal/lint snapshot.go os.ReadDir call 2
github.com/jyang234/verdi/internal/lint snapshot.go os.ReadFile call 5
github.com/jyang234/verdi/internal/lint vl003.go path/filepath.Abs call 1
github.com/jyang234/verdi/internal/lint vl004.go os.ReadFile call 1
github.com/jyang234/verdi/internal/lint vl015.go os.ReadFile call 1
github.com/jyang234/verdi/internal/lint vl017.go os.IsNotExist call 1
github.com/jyang234/verdi/internal/lint vl017.go os.ReadDir call 1
github.com/jyang234/verdi/internal/lint vl017.go os.ReadFile call 1
github.com/jyang234/verdi/internal/lint vl017.go os.Stat call 1
github.com/jyang234/verdi/internal/lint walk.go os.ReadDir call 1
github.com/jyang234/verdi/internal/lint walk.go os.ReadFile call 1
github.com/jyang234/verdi/internal/lint walk.go path/filepath.WalkDir call 1
github.com/jyang234/verdi/internal/specstate defaultbranch.go os.Getenv call 1
github.com/jyang234/verdi/internal/store archivemove.go os.IsNotExist call 1
github.com/jyang234/verdi/internal/store archivemove.go os.MkdirAll call 1
github.com/jyang234/verdi/internal/store archivemove.go os.Rename call 1
github.com/jyang234/verdi/internal/store archivemove.go os.Stat call 2
github.com/jyang234/verdi/internal/store discovery.go os.ReadFile call 2
github.com/jyang234/verdi/internal/store discovery.go os.Stat call 1
github.com/jyang234/verdi/internal/store discovery.go path/filepath.Abs call 1
github.com/jyang234/verdi/internal/store discovery.go path/filepath.WalkDir call 1
github.com/jyang234/verdi/internal/store open.go os.IsNotExist call 1
github.com/jyang234/verdi/internal/store open.go os.ReadFile call 2
github.com/jyang234/verdi/internal/store root.go os.Stat call 2
github.com/jyang234/verdi/internal/store root.go path/filepath.Abs call 2
github.com/jyang234/verdi/internal/store treehash.go os.Stat call 1
github.com/jyang234/verdi/internal/storyresolve resolve.go os.IsNotExist call 1
github.com/jyang234/verdi/internal/storyresolve resolve.go os.ReadDir call 2
github.com/jyang234/verdi/internal/storyresolve resolve.go os.ReadFile call 2
