# readiness parity — the record drawer's Readiness tab versus the per-request loader (spec/wall-strip-and-drawer-v2 ac-7, dc-4), closing readiness-recovery ac-5's gap list
# This is PARITY: every list below is empty. The tab renders the loader's snapshot from one load (SI-368 (4)), so a family listed here is a gap, and a change here must be deliberate.
# Fixtures: the claim-wall Go fixture through the production loader, and the readiness page's fixtures through the tab's route. ac-7's "for the e2e harness fixture" is proven structurally (SI-368 (4)): the harness provisioner is cmd/e2eharness's package main and unimportable from a Go test (SI-209).
# The wall shell's own derivation is retired: TestReadinessTab_LoaderParityNoGaps proves no production source declares or calls it. Each family only it produced has a home (SI-368 (3), (32)); success/evidence/<ac> cannot arise on a decoded spec, so its disclosed loss is vacuous.
claim-wall:
  wall-only:
  loader-only:
  blocking-disagreement:
readiness-page/mixed:
  wall-only:
  loader-only:
  blocking-disagreement:
readiness-page/with-role:
  wall-only:
  loader-only:
  blocking-disagreement:
readiness-page/all-proven:
  wall-only:
  loader-only:
  blocking-disagreement:
readiness-page/last-step:
  wall-only:
  loader-only:
  blocking-disagreement:
